[    0.000000] Initializing cgroup subsys cpuset
[    0.000000] Initializing cgroup subsys cpu
[    0.000000] Initializing cgroup subsys cpuacct
[    0.000000] Linux version 4.4.0-203-generic (buildd@lcy01-amd64-027) (gcc version 5.4.0 20160609 (Ubuntu 5.4.0-6ubuntu1~16.04.12) ) #235-Ubuntu SMP Tue Feb 2 02:49:08 UTC 2021 (Ubuntu 4.4.0-203.235-generic 4.4.249)
[    0.000000] Command line: BOOT_IMAGE=/boot/vmlinuz-4.4.0-203-generic root=LABEL=cloudimg-rootfs ro console=tty1 console=ttyS0
[    0.000000] KERNEL supported cpus:
[    0.000000]   Intel GenuineIntel
[    0.000000]   AMD AuthenticAMD
[    0.000000]   Centaur CentaurHauls
[    0.000000] x86/fpu: xstate_offset[2]:  576, xstate_sizes[2]:  256
[    0.000000] x86/fpu: Supporting XSAVE feature 0x01: 'x87 floating point registers'
[    0.000000] x86/fpu: Supporting XSAVE feature 0x02: 'SSE registers'
[    0.000000] x86/fpu: Supporting XSAVE feature 0x04: 'AVX registers'
[    0.000000] x86/fpu: Enabled xstate features 0x7, context size is 832 bytes, using 'standard' format.
[    0.000000] e820: BIOS-provided physical RAM map:
[    0.000000] BIOS-e820: [mem 0x0000000000000000-0x000000000009fbff] usable
[    0.000000] BIOS-e820: [mem 0x000000000009fc00-0x000000000009ffff] reserved
[    0.000000] BIOS-e820: [mem 0x00000000000f0000-0x00000000000fffff] reserved
[    0.000000] BIOS-e820: [mem 0x0000000000100000-0x000000001ffeffff] usable
[    0.000000] BIOS-e820: [mem 0x000000001fff0000-0x000000001fffffff] ACPI data
[    0.000000] BIOS-e820: [mem 0x00000000fec00000-0x00000000fec00fff] reserved
[    0.000000] BIOS-e820: [mem 0x00000000fee00000-0x00000000fee00fff] reserved
[    0.000000] BIOS-e820: [mem 0x00000000fffc0000-0x00000000ffffffff] reserved
[    0.000000] NX (Execute Disable) protection: active
[    0.000000] SMBIOS 2.5 present.
[    0.000000] Hypervisor detected: KVM
[    0.000000] e820: last_pfn = 0x1fff0 max_arch_pfn = 0x400000000
[    0.000000] MTRR: Disabled
[    0.000000] x86/PAT: MTRRs disabled, skipping PAT initialization too.
[    0.000000] CPU MTRRs all blank - virtualized system.
[    0.000000] x86/PAT: Configuration [0-7]: WB  WT  UC- UC  WB  WT  UC- UC  
[    0.000000] found SMP MP-table at [mem 0x0009fff0-0x0009ffff] mapped at [ffff88000009fff0]
[    0.000000] Scanning 1 areas for low memory corruption
[    0.000000] RAMDISK: [mem 0x1e977000-0x1f7fffff]
[    0.000000] ACPI: Early table checksum verification disabled
[    0.000000] ACPI: RSDP 0x00000000000E0000 000024 (v02 VBOX  )
[    0.000000] ACPI: XSDT 0x000000001FFF0030 00003C (v01 VBOX   VBOXXSDT 00000001 ASL  00000061)
[    0.000000] ACPI: FACP 0x000000001FFF00F0 0000F4 (v04 VBOX   VBOXFACP 00000001 ASL  00000061)
[    0.000000] ACPI: DSDT 0x000000001FFF0470 002325 (v02 VBOX   VBOXBIOS 00000002 INTL 20100528)
[    0.000000] ACPI: FACS 0x000000001FFF0200 000040
[    0.000000] ACPI: FACS 0x000000001FFF0200 000040
[    0.000000] ACPI: APIC 0x000000001FFF0240 00005C (v02 VBOX   VBOXAPIC 00000001 ASL  00000061)
[    0.000000] ACPI: SSDT 0x000000001FFF02A0 0001CC (v01 VBOX   VBOXCPUT 00000002 INTL 20100528)
[    0.000000] No NUMA configuration found
[    0.000000] Faking a node at [mem 0x0000000000000000-0x000000001ffeffff]
[    0.000000] NODE_DATA(0) allocated [mem 0x1ffeb000-0x1ffeffff]
[    0.000000] kvm-clock: Using msrs 4b564d01 and 4b564d00
[    0.000000] kvm-clock: cpu 0, msr 0:1ffe3001, primary cpu clock
[    0.000000] kvm-clock: using sched offset of 3790981683 cycles
[    0.000000] clocksource: kvm-clock: mask: 0xffffffffffffffff max_cycles: 0x1cd42e4dffb, max_idle_ns: 881590591483 ns
[    0.000000] Zone ranges:
[    0.000000]   DMA      [mem 0x0000000000001000-0x0000000000ffffff]
[    0.000000]   DMA32    [mem 0x0000000001000000-0x000000001ffeffff]
[    0.000000]   Normal   empty
[    0.000000]   Device   empty
[    0.000000] Movable zone start for each node
[    0.000000] Early memory node ranges
[    0.000000]   node   0: [mem 0x0000000000001000-0x000000000009efff]
[    0.000000]   node   0: [mem 0x0000000000100000-0x000000001ffeffff]
[    0.000000] Initmem setup node 0 [mem 0x0000000000001000-0x000000001ffeffff]
[    0.000000] ACPI: PM-Timer IO Port: 0x4008
[    0.000000] IOAPIC[0]: apic_id 2, version 32, address 0xfec00000, GSI 0-23
[    0.000000] ACPI: INT_SRC_OVR (bus 0 bus_irq 0 global_irq 2 dfl dfl)
[    0.000000] ACPI: INT_SRC_OVR (bus 0 bus_irq 9 global_irq 9 low level)
[    0.000000] Using ACPI (MADT) for SMP configuration information
[    0.000000] smpboot: Allowing 2 CPUs, 0 hotplug CPUs
[    0.000000] PM: Registered nosave memory: [mem 0x00000000-0x00000fff]
[    0.000000] PM: Registered nosave memory: [mem 0x0009f000-0x0009ffff]
[    0.000000] PM: Registered nosave memory: [mem 0x000a0000-0x000effff]
[    0.000000] PM: Registered nosave memory: [mem 0x000f0000-0x000fffff]
[    0.000000] e820: [mem 0x20000000-0xfebfffff] available for PCI devices
[    0.000000] Booting paravirtualized kernel on KVM
[    0.000000] clocksource: refined-jiffies: mask: 0xffffffff max_cycles: 0xffffffff, max_idle_ns: 7645519600211568 ns
[    0.000000] setup_percpu: NR_CPUS:512 nr_cpumask_bits:512 nr_cpu_ids:2 nr_node_ids:1
[    0.000000] PERCPU: Embedded 33 pages/cpu @ffff88001fc00000 s95640 r8192 d31336 u1048576
[    0.000000] Built 1 zonelists in Node order, mobility grouping on.  Total pages: 128888
[    0.000000] Policy zone: DMA32
[    0.000000] Kernel command line: BOOT_IMAGE=/boot/vmlinuz-4.4.0-203-generic root=LABEL=cloudimg-rootfs ro console=tty1 console=ttyS0
[    0.000000] PID hash table entries: 2048 (order: 2, 16384 bytes)
[    0.000000] Memory: 481576K/523832K available (8641K kernel code, 1337K rwdata, 4044K rodata, 1496K init, 1296K bss, 42256K reserved, 0K cma-reserved)
[    0.000000] SLUB: HWalign=64, Order=0-3, MinObjects=0, CPUs=2, Nodes=1
[    0.000000] Kernel/User page tables isolation: enabled
[    0.000000] Hierarchical RCU implementation.
[    0.000000] 	Build-time adjustment of leaf fanout to 64.
[    0.000000] 	RCU restricting CPUs from NR_CPUS=512 to nr_cpu_ids=2.
[    0.000000] RCU: Adjusting geometry for rcu_fanout_leaf=64, nr_cpu_ids=2
[    0.000000] NR_IRQS:33024 nr_irqs:440 16
[    0.000000] Console: colour VGA+ 80x25
[    0.000000] console [tty1] enabled
[    0.000000] console [ttyS0] enabled
[    0.000000] tsc: Detected 1991.999 MHz processor
[    0.204663] Calibrating delay loop (skipped) preset value.. 3983.99 BogoMIPS (lpj=7967996)
[    0.207212] pid_max: default: 32768 minimum: 301
[    0.208690] ACPI: Core revision 20150930
[    0.212161] ACPI: 2 ACPI AML tables successfully acquired and loaded
[    0.214127] Security Framework initialized
[    0.215453] Yama: becoming mindful.
[    0.216656] AppArmor: AppArmor initialized
[    0.218088] Dentry cache hash table entries: 65536 (order: 7, 524288 bytes)
[    0.220119] Inode-cache hash table entries: 32768 (order: 6, 262144 bytes)
[    0.222121] Mount-cache hash table entries: 1024 (order: 1, 8192 bytes)
[    0.223987] Mountpoint-cache hash table entries: 1024 (order: 1, 8192 bytes)
[    0.226032] Initializing cgroup subsys io
[    0.227278] Initializing cgroup subsys memory
[    0.228795] Initializing cgroup subsys devices
[    0.230073] Initializing cgroup subsys freezer
[    0.231327] Initializing cgroup subsys net_cls
[    0.232809] Initializing cgroup subsys perf_event
[    0.234157] Initializing cgroup subsys net_prio
[    0.235445] Initializing cgroup subsys hugetlb
[    0.237054] Initializing cgroup subsys pids
[    0.239835] mce: CPU supports 0 MCE banks
[    0.241066] Last level iTLB entries: 4KB 64, 2MB 8, 4MB 8
[    0.242600] Last level dTLB entries: 4KB 64, 2MB 0, 4MB 0, 1GB 4
[    0.244574] Spectre V1 : Mitigation: usercopy/swapgs barriers and __user pointer sanitization
[    0.247222] Spectre V2 : Mitigation: Full generic retpoline
[    0.248857] Spectre V2 : Spectre v2 / SpectreRSB mitigation: Filling RSB on context switch
[    0.251278] Speculative Store Bypass: Vulnerable
[    0.252691] SRBDS: Unknown: Dependent on hypervisor status
[    0.255067] MDS: Vulnerable: Clear CPU buffers attempted, no microcode
[    0.260916] Freeing SMP alternatives memory: 36K
[    0.271767] ftrace: allocating 32366 entries in 127 pages
[    0.354207] smpboot: APIC(0) Converting physical 0 to logical package 0
[    0.356111] smpboot: Max logical packages: 1
[    0.357779] x2apic enabled
[    0.359086] Switched APIC routing to physical x2apic.
[    0.362547] ..TIMER: vector=0x30 apic1=0 pin1=2 apic2=-1 pin2=-1
[    0.472511] smpboot: CPU0: Intel(R) Core(TM) i7-8550U CPU @ 1.80GHz (family: 0x6, model: 0x8e, stepping: 0xa)
[    0.476203] Performance Events: unsupported p6 CPU model 142 no PMU driver, software events only.
[    0.493604] KVM setup paravirtual spinlock
[    0.495783] x86: Booting SMP configuration:
[    0.498092] .... node  #0, CPUs:      #1
[    0.499443] kvm-clock: cpu 1, msr 0:1ffe3041, secondary cpu clock
[    0.502216] mce: CPU supports 0 MCE banks
[    0.505047] TSC synchronization [CPU#0 -> CPU#1]:
[    0.506883] Measured 9 cycles TSC warp between CPUs, turning off TSC clock.
[    0.508878] tsc: Marking TSC unstable due to check_tsc_sync_source failed
[    0.511277] x86: Booted up 1 node, 2 CPUs
[    0.512710] smpboot: Total of 2 processors activated (7967.99 BogoMIPS)
[    0.256014] devtmpfs: initialized
[    0.261825] evm: security.selinux
[    0.262913] evm: security.SMACK64
[    0.264008] evm: security.SMACK64EXEC
[    0.265294] evm: security.SMACK64TRANSMUTE
[    0.266550] evm: security.SMACK64MMAP
[    0.267862] evm: security.ima
[    0.268006] evm: security.capability
[    0.269157] clocksource: jiffies: mask: 0xffffffff max_cycles: 0xffffffff, max_idle_ns: 7645041785100000 ns
[    0.272029] futex hash table entries: 512 (order: 3, 32768 bytes)
[    0.273872] pinctrl core: initialized pinctrl subsystem
[    0.276151] RTC time: 12:31:04, date: 03/25/21
[    0.277846] NET: Registered protocol family 16
[    0.292018] cpuidle: using governor ladder
[    0.304019] cpuidle: using governor menu
[    0.305681] PCCT header not found.
[    0.308110] ACPI: bus type PCI registered
[    0.309724] acpiphp: ACPI Hot Plug PCI Controller Driver version: 0.5
[    0.312142] PCI: Using configuration type 1 for base access
[    0.324161] ACPI: Added _OSI(Module Device)
[    0.328006] ACPI: Added _OSI(Processor Device)
[    0.329319] ACPI: Added _OSI(3.0 _SCP Extensions)
[    0.330640] ACPI: Added _OSI(Processor Aggregator Device)
[    0.332598] ACPI: Executed 1 blocks of module-level executable AML code
[    0.337489] ACPI: Interpreter enabled
[    0.338594] ACPI: (supports S0 S5)
[    0.339702] ACPI: Using IOAPIC for interrupt routing
[    0.340237] PCI: Using host bridge windows from ACPI; if necessary, use "pci=nocrs" and report a bug
[    0.349269] ACPI: PCI Root Bridge [PCI0] (domain 0000 [bus 00-ff])
[    0.351180] acpi PNP0A03:00: _OSC: OS supports [ASPM ClockPM Segments MSI]
[    0.352433] acpi PNP0A03:00: _OSC: not requesting OS control; OS requires [ExtendedConfig ASPM ClockPM MSI]
[    0.355094] acpi PNP0A03:00: fail to add MMCONFIG information, can't access extended PCI configuration space under this bridge.
[    0.360275] PCI host bridge to bus 0000:00
[    0.361481] pci_bus 0000:00: root bus resource [io  0x0000-0x0cf7 window]
[    0.363182] pci_bus 0000:00: root bus resource [io  0x0d00-0xffff window]
[    0.364005] pci_bus 0000:00: root bus resource [mem 0x000a0000-0x000bffff window]
[    0.366126] pci_bus 0000:00: root bus resource [mem 0x20000000-0xfdffffff window]
[    0.368011] pci_bus 0000:00: root bus resource [bus 00-ff]
[    0.376810] pci 0000:00:01.1: legacy IDE quirk: reg 0x10: [io  0x01f0-0x01f7]
[    0.378631] pci 0000:00:01.1: legacy IDE quirk: reg 0x14: [io  0x03f6]
[    0.380008] pci 0000:00:01.1: legacy IDE quirk: reg 0x18: [io  0x0170-0x0177]
[    0.382467] pci 0000:00:01.1: legacy IDE quirk: reg 0x1c: [io  0x0376]
[    0.399421] pci 0000:00:07.0: quirk: [io  0x4000-0x403f] claimed by PIIX4 ACPI
[    0.400033] pci 0000:00:07.0: quirk: [io  0x4100-0x410f] claimed by PIIX4 SMB
[    0.409626] ACPI: PCI Interrupt Link [LNKA] (IRQs 5 9 10 *11)
[    0.412373] ACPI: PCI Interrupt Link [LNKB] (IRQs 5 9 *10 11)
[    0.414815] ACPI: PCI Interrupt Link [LNKC] (IRQs 5 *9 10 11)
[    0.417015] ACPI: PCI Interrupt Link [LNKD] (IRQs 5 9 10 *11)
[    0.419383] ACPI: Enabled 2 GPEs in block 00 to 07
[    0.420260] vgaarb: setting as boot device: PCI:0000:00:02.0
[    0.421738] vgaarb: device added: PCI:0000:00:02.0,decodes=io+mem,owns=io+mem,locks=none
[    0.424006] vgaarb: loaded
[    0.425048] vgaarb: bridge control possible 0000:00:02.0
[    0.428196] SCSI subsystem initialized
[    0.429374] ACPI: bus type USB registered
[    0.429374] usbcore: registered new interface driver usbfs
[    0.432019] usbcore: registered new interface driver hub
[    0.433840] usbcore: registered new device driver usb
[    0.436094] PCI: Using ACPI for IRQ routing
[    0.437815] NetLabel: Initializing
[    0.439183] NetLabel:  domain hash size = 128
[    0.440003] NetLabel:  protocols = UNLABELED CIPSOv4
[    0.441445] NetLabel:  unlabeled traffic allowed by default
[    0.444071] amd_nb: Cannot enumerate AMD northbridges
[    0.445577] clocksource: Switched to clocksource kvm-clock
[    0.455518] AppArmor: AppArmor Filesystem Enabled
[    0.457058] pnp: PnP ACPI init
[    0.459462] pnp: PnP ACPI: found 3 devices
[    0.473664] clocksource: acpi_pm: mask: 0xffffff max_cycles: 0xffffff, max_idle_ns: 2085701024 ns
[    0.476148] NET: Registered protocol family 2
[    0.477766] TCP established hash table entries: 4096 (order: 3, 32768 bytes)
[    0.479530] TCP bind hash table entries: 4096 (order: 4, 65536 bytes)
[    0.481209] TCP: Hash tables configured (established 4096 bind 4096)
[    0.482810] UDP hash table entries: 256 (order: 1, 8192 bytes)
[    0.484315] UDP-Lite hash table entries: 256 (order: 1, 8192 bytes)
[    0.485973] NET: Registered protocol family 1
[    0.487579] pci 0000:00:00.0: Limiting direct PCI/PCI transfers
[    0.489580] pci 0000:00:01.0: Activating ISA DMA hang workarounds
[    0.494925] Unpacking initramfs...
[    0.789453] Freeing initrd memory: 14884K
[    0.790807] clocksource: tsc: mask: 0xffffffffffffffff max_cycles: 0x396d4ffc055, max_idle_ns: 881590662783 ns
[    0.793905] platform rtc_cmos: registered platform RTC device (no PNP device found)
[    0.796409] Scanning for low memory corruption every 60 seconds
[    0.798704] audit: initializing netlink subsys (disabled)
[    0.800291] audit: type=2000 audit(1616675469.782:1): initialized
[    0.802384] Initialise system trusted keyring
[    0.804316] HugeTLB registered 2 MB page size, pre-allocated 0 pages
[    0.807640] zbud: loaded
[    0.809233] VFS: Disk quotas dquot_6.6.0
[    0.810479] VFS: Dquot-cache hash table entries: 512 (order 0, 4096 bytes)
[    0.812561] squashfs: version 4.0 (2009/01/31) Phillip Lougher
[    0.814547] fuse init (API version 7.23)
[    0.816025] Key type big_key registered
[    0.817266] Allocating IMA MOK and blacklist keyrings.
[    0.821078] Key type asymmetric registered
[    0.822275] Asymmetric key parser 'x509' registered
[    0.823948] Block layer SCSI generic (bsg) driver version 0.4 loaded (major 249)
[    0.826378] io scheduler noop registered
[    0.827595] io scheduler deadline registered (default)
[    0.829126] io scheduler cfq registered
[    0.830421] pci_hotplug: PCI Hot Plug PCI Core version: 0.5
[    0.831919] pciehp: PCI Express Hot Plug Controller Driver version: 0.4
[    0.833845] ACPI: AC Adapter [AC] (on-line)
[    0.835228] input: Power Button as /devices/LNXSYSTM:00/LNXPWRBN:00/input/input0
[    0.837671] ACPI: Power Button [PWRF]
[    0.838883] input: Sleep Button as /devices/LNXSYSTM:00/LNXSLPBN:00/input/input1
[    0.841112] ACPI: Sleep Button [SLPF]
[    0.842557] GHES: HEST is not enabled!
[    0.843628] ACPI: Battery Slot [BAT0] (battery present)
[    0.845378] Serial: 8250/16550 driver, 32 ports, IRQ sharing enabled
[    0.878577] 00:02: ttyS0 at I/O 0x3f8 (irq = 4, base_baud = 115200) is a 16550A
[    0.885722] Linux agpgart interface v0.103
[    0.890117] loop: module loaded
[    0.891972] scsi host0: ata_piix
[    0.893340] scsi host1: ata_piix
[    0.894426] ata1: PATA max UDMA/33 cmd 0x1f0 ctl 0x3f6 bmdma 0xd000 irq 14
[    0.896205] ata2: PATA max UDMA/33 cmd 0x170 ctl 0x376 bmdma 0xd008 irq 15
[    0.898207] libphy: Fixed MDIO Bus: probed
[    0.899457] tun: Universal TUN/TAP device driver, 1.6
[    0.900995] tun: (C) 1999-2004 Max Krasnyansky <maxk@qualcomm.com>
[    0.902846] PPP generic driver version 2.4.2
[    0.904590] ehci_hcd: USB 2.0 'Enhanced' Host Controller (EHCI) Driver
[    0.906334] ehci-pci: EHCI PCI platform driver
[    0.907720] ehci-platform: EHCI generic platform driver
[    0.909363] ohci_hcd: USB 1.1 'Open' Host Controller (OHCI) Driver
[    0.915183] ohci-pci: OHCI PCI platform driver
[    0.916553] ohci-platform: OHCI generic platform driver
[    0.918105] uhci_hcd: USB Universal Host Controller Interface driver
[    0.920228] i8042: PNP: PS/2 Controller [PNP0303:PS2K,PNP0f03:PS2M] at 0x60,0x64 irq 1,12
[    0.923546] serio: i8042 KBD port at 0x60,0x64 irq 1
[    0.925246] serio: i8042 AUX port at 0x60,0x64 irq 12
[    0.927456] mousedev: PS/2 mouse device common for all mice
[    0.929774] input: AT Translated Set 2 keyboard as /devices/platform/i8042/serio0/input/input2
[    0.933067] rtc_cmos rtc_cmos: rtc core: registered rtc_cmos as rtc0
[    0.934949] rtc_cmos rtc_cmos: alarms up to one day, 114 bytes nvram
[    0.936998] i2c /dev entries driver
[    0.938452] device-mapper: uevent: version 1.0.3
[    0.940126] device-mapper: ioctl: 4.34.0-ioctl (2015-10-28) initialised: dm-devel@redhat.com
[    0.942841] ledtrig-cpu: registered to indicate activity on CPUs
[    0.945429] NET: Registered protocol family 10
[    0.947125] NET: Registered protocol family 17
[    0.948488] Key type dns_resolver registered
[    0.950760] registered taskstats version 1
[    0.952069] Loading compiled-in X.509 certificates
[    0.954503] Loaded X.509 cert 'Build time autogenerated kernel key: c0f1dd89d7e09a1955be4fde7c6f946674683c10'
[    0.957569] zswap: loaded using pool lzo/zbud
[    0.962006] Key type trusted registered
[    0.968108] Key type encrypted registered
[    0.969470] AppArmor: AppArmor sha1 policy hashing enabled
[    0.971396] ima: No TPM chip found, activating TPM-bypass!
[    0.973219] ima: Allocated hash algorithm: sha1
[    0.974606] evm: HMAC attrs: 0x1
[    0.976305]   Magic number: 13:609:532
[    0.977775] tty ttyS12: hash matches
[    0.979222] rtc_cmos rtc_cmos: setting system clock to 2021-03-25 12:31:05 UTC (1616675465)
[    0.982759] BIOS EDD facility v0.16 2004-Jun-25, 0 devices found
[    0.984830] EDD information not available.
[    1.077864] Freeing unused kernel memory: 1496K
[    1.079261] Write protecting the kernel read-only data: 14336k
[    1.081381] Freeing unused kernel memory: 1588K
[    1.082875] Freeing unused kernel memory: 52K
Loading, please wait...
starting version 229
[    1.101207] random: systemd-udevd: uninitialized urandom read (16 bytes read, 3 bits of entropy available)
[    1.102047] random: udevadm: uninitialized urandom read (16 bytes read, 3 bits of entropy available)
[    1.102072] random: udevadm: uninitialized urandom read (16 bytes read, 3 bits of entropy available)
[    1.113554] random: systemd-udevd: uninitialized urandom read (16 bytes read, 3 bits of entropy available)
[    1.116316] random: udevadm: uninitialized urandom read (16 bytes read, 3 bits of entropy available)
[    1.116367] random: udevadm: uninitialized urandom read (16 bytes read, 3 bits of entropy available)
[    1.116541] random: udevadm: uninitialized urandom read (16 bytes read, 3 bits of entropy available)
[    1.116643] random: udevadm: uninitialized urandom read (16 bytes read, 3 bits of entropy available)
[    1.116740] random: udevadm: uninitialized urandom read (16 bytes read, 3 bits of entropy available)
[    1.116806] random: udevadm: uninitialized urandom read (16 bytes read, 3 bits of entropy available)
[    1.170525] e1000: Intel(R) PRO/1000 Network Driver - version 7.3.21-k8-NAPI
[    1.172804] e1000: Copyright (c) 1999-2006 Intel Corporation.
[    1.175265] Fusion MPT base driver 3.04.20
[    1.176622] Copyright (c) 1999-2008 LSI Corporation
[    1.190661] Fusion MPT SPI Host driver 3.04.20
[    1.198691] AVX2 version of gcm_enc/dec engaged.
[    1.200404] AES CTR mode by8 optimization enabled
[    1.389846] input: ImExPS/2 Generic Explorer Mouse as /devices/platform/i8042/serio1/input/input4
[    1.950331] e1000 0000:00:03.0 eth0: (PCI:33MHz:32-bit) 02:67:20:70:eb:1f
[    1.952059] e1000 0000:00:03.0 eth0: Intel(R) PRO/1000 Network Connection
[    1.955528] e1000 0000:00:03.0 enp0s3: renamed from eth0
[    1.957177] mptbase: ioc0: Initiating bringup
[    2.952316] ioc0: LSI53C1030 A0: Capabilities={Initiator}
[    6.988419] scsi host2: ioc0: LSI53C1030 A0, FwRev=00000000h, Ports=1, MaxQ=256, IRQ=20
[    9.980851] scsi 2:0:0:0: Direct-Access     VBOX     HARDDISK         1.0  PQ: 0 ANSI: 5
[    9.983296] scsi target2:0:0: Beginning Domain Validation
[    9.986005] scsi target2:0:0: Domain Validation skipping write tests
[    9.987548] scsi target2:0:0: Ending Domain Validation
[    9.988923] scsi target2:0:0: asynchronous
[    9.990506] scsi 2:0:1:0: Direct-Access     VBOX     HARDDISK         1.0  PQ: 0 ANSI: 5
[   10.006557] scsi target2:0:1: Beginning Domain Validation
[   10.010364] scsi target2:0:1: Domain Validation skipping write tests
[   10.011892] scsi target2:0:1: Ending Domain Validation
[   10.013556] scsi target2:0:1: asynchronous
[   10.022799] sd 2:0:0:0: Attached scsi generic sg0 type 0
[   10.024477] sd 2:0:0:0: [sda] 83886080 512-byte logical blocks: (42.9 GB/40.0 GiB)
[   10.027163] sd 2:0:1:0: Attached scsi generic sg1 type 0
[   10.028641] sd 2:0:0:0: [sda] Write Protect is off
[   10.030097] sd 2:0:1:0: [sdb] 20480 512-byte logical blocks: (10.5 MB/10.0 MiB)
[   10.032478] sd 2:0:0:0: [sda] Incomplete mode parameter data
[   10.033916] sd 2:0:0:0: [sda] Assuming drive cache: write through
[   10.033995] sd 2:0:1:0: [sdb] Write Protect is off
[   10.037030] sd 2:0:1:0: [sdb] Incomplete mode parameter data
[   10.038483] sd 2:0:1:0: [sdb] Assuming drive cache: write through
[   10.043458]  sda: sda1
[   10.045689] sd 2:0:0:0: [sda] Attached SCSI disk
[   10.047691] sd 2:0:1:0: [sdb] Attached SCSI disk
Begin: Loading essential drivers ... [   11.540380] md: linear personality registered for level -1
[   11.544628] md: multipath personality registered for level -4
[   11.549430] md: raid0 personality registered for level 0
[   11.555488] md: raid1 personality registered for level 1
[   11.628785] raid6: sse2x1   gen()  9494 MB/s
[   11.696167] raid6: sse2x1   xor()  7233 MB/s
[   11.764449] raid6: sse2x2   gen() 12147 MB/s
[   11.832800] raid6: sse2x2   xor()  8416 MB/s
[   11.900176] raid6: sse2x4   gen() 11785 MB/s
[   11.968471] raid6: sse2x4   xor()  9039 MB/s
[   12.036779] raid6: avx2x1   gen() 18178 MB/s
[   12.104551] raid6: avx2x2   gen() 20868 MB/s
[   12.172838] raid6: avx2x4   gen() 22689 MB/s
[   12.174208] raid6: using algorithm avx2x4 gen() 22689 MB/s
[   12.175870] raid6: using avx2x2 recovery algorithm
[   12.178938] xor: automatically using best checksumming function:
[   12.220142]    avx       : 21254.000 MB/sec
[   12.222855] async_tx: api initialized (async)
[   12.235196] md: raid6 personality registered for level 6
[   12.236765] md: raid5 personality registered for level 5
[   12.238307] md: raid4 personality registered for level 4
[   12.249252] md: raid10 personality registered for level 10
done.
Begin: Running /scripts/init-premount ... done.
Begin: Mounting root file system ... Begin: Running /scripts/local-top ... done.
Begin: Running /scripts/local-premount ... [   12.285578] Btrfs loaded
Scanning for Btrfs filesystems
done.
Warning: fsck not present, so skipping root file system
[   12.323122] EXT4-fs (sda1): mounted filesystem with ordered data mode. Opts: (null)
done.
Begin: Running /scripts/local-bottom ... done.
Begin: Running /scripts/init-bottom ... done.
[   12.455093] systemd[1]: systemd 229 running in system mode. (+PAM +AUDIT +SELINUX +IMA +APPARMOR +SMACK +SYSVINIT +UTMP +LIBCRYPTSETUP +GCRYPT +GNUTLS +ACL +XZ -LZ4 +SECCOMP +BLKID +ELFUTILS +KMOD -IDN)
[   12.460140] systemd[1]: Detected virtualization oracle.
[   12.461613] systemd[1]: Detected architecture x86-64.

Welcome to [1mUbuntu 16.04.7 LTS[0m!

[   12.473164] systemd[1]: Set hostname to <ubuntu>.
[   12.478572] systemd[1]: Initializing machine ID from random generator.
[   12.480464] systemd[1]: Installed transient /etc/machine-id file.
[   12.646358] systemd[1]: Listening on Journal Socket.
[[0;32m  OK  [0m] Listening on Journal Socket.
[   12.649512] systemd[1]: Reached target Encrypted Volumes.
[[0;32m  OK  [0m] Reached target Encrypted Volumes.
[   12.652794] systemd[1]: Listening on LVM2 poll daemon socket.
[[0;32m  OK  [0m] Listening on LVM2 poll daemon socket.
[   12.661127] systemd[1]: Listening on udev Control Socket.
[[0;32m  OK  [0m] Listening on udev Control Socket.
[   12.664520] systemd[1]: Listening on LVM2 metadata daemon socket.
[[0;32m  OK  [0m] Listening on LVM2 metadata daemon socket.
[   12.667896] systemd[1]: Reached target User and Group Name Lookups.
[[0;32m  OK  [0m] Reached target User and Group Name Lookups.
[   12.671768] systemd[1]: Set up automount Arbitrary Executable File Formats File System Automount Point.
[[0;32m  OK  [0m] Set up automount Arbitrary Executab...ats File System Automount Point.
[   12.675986] systemd[1]: Listening on udev Kernel Socket.
[[0;32m  OK  [0m] Listening on udev Kernel Socket.
[   12.678633] systemd[1]: Started Forward Password Requests to Wall Directory Watch.
[[0;32m  OK  [0m] Started Forward Password Requests to Wall Directory Watch.
[   12.682415] systemd[1]: Listening on Journal Audit Socket.
[[0;32m  OK  [0m] Listening on Journal Audit Socket.
[   12.685533] systemd[1]: Listening on Device-mapper event daemon FIFOs.
[[0;32m  OK  [0m] Listening on Device-mapper event daemon FIFOs.
[   12.697265] systemd[1]: Listening on Syslog Socket.
[[0;32m  OK  [0m] Listening on Syslog Socket.
[   12.704950] systemd[1]: Reached target System Time Synchronized.
[[0;32m  OK  [0m] Reached target System Time Synchronized.
[   12.712893] systemd[1]: Started Trigger resolvconf update for networkd DNS.
[[0;32m  OK  [0m] Started Trigger resolvconf update for networkd DNS.
[   12.716968] systemd[1]: Listening on /dev/initctl Compatibility Named Pipe.
[[0;32m  OK  [0m] Listening on /dev/initctl Compatibility Named Pipe.
[   12.720464] systemd[1]: Created slice User and Session Slice.
[[0;32m  OK  [0m] Created slice User and Session Slice.
[   12.722983] systemd[1]: Listening on Journal Socket (/dev/log).
[[0;32m  OK  [0m] Listening on Journal Socket (/dev/log).
[   12.732545] systemd[1]: Created slice System Slice.
[[0;32m  OK  [0m] Created slice System Slice.
[   12.744985] systemd[1]: Starting Monitoring of LVM2 mirrors, snapshots etc. using dmeventd or progress polling...
         Starting Monitoring of LVM2 mirrors... dmeventd or progress polling...
[   12.750063] systemd[1]: Mounting Huge Pages File System...
         Mounting Huge Pages File System...
[   12.753169] systemd[1]: Starting Remount Root and Kernel File Systems...
         Starting Remount Root and Kernel File Systems...
[   12.761169] systemd[1]: Starting Load Kernel Modules...
[   12.761756] EXT4-fs (sda1): re-mounted. Opts: (null)
         Starting Load Kernel Modules...
[   12.766039] systemd[1]: Starting Uncomplicated firewall...
         Starting Uncomplicated firewall...
[   12.769688] systemd[1]: Starting Set console keymap...
         Starting Set console keymap...
[   12.780022] systemd[1]: Mounting Debug File System...
         Mounting Debug File System...
[   12.786171] systemd[1]: Created slice system-serial\x2dgetty.slice.
[[0;32m  OK  [0m] Created slice system-serial\x2dgetty.slice.
[   12.789661] systemd[1]: Starting Journal Service...
         Starting Journal Service...
[   12.792399] Loading iSCSI transport class v2.0-870.
[   12.794454] systemd[1]: Reached target Slices.
[[0;32m  OK  [0m] Reached target Slices.
[   12.805824] iscsi: registered transport (tcp)
[   12.807977] systemd[1]: Mounting POSIX Message Queue File System...
         Mounting POSIX Message Queue File System...
[   12.812435] systemd[1]: Starting Nameserver information manager...
         Starting Nameserver information manager...
[   12.815797] systemd[1]: Reached target Swap.
[[0;32m  OK  [0m] Reached target Swap.
[   12.819606] systemd[1]: Starting Create list of required static device nodes for the current kernel...
         Starting Create list of required st... nodes for the current kernel...
[   12.829677] systemd[1]: Mounted Huge Pages File System.
[[0;32m  OK  [0m] Mounted Huge Pages File System.
[   12.831972] systemd[1]: Mounted POSIX Message Queue File System.
[[0;32m  OK  [0m] Mounted POSIX Message Queue File System.
[   12.841613] systemd[1]: Mounted Debug File System.
[[0;32m  OK  [0m] Mounted Debug File System.
[   12.845493] systemd[1]: Started Remount Root and Kernel File Systems.
[[0;32m  OK  [0m] Started Remount Root and Kernel File Systems.
[   12.866767] systemd[1]: Started Uncomplicated firewall.
[[0;32m  OK  [0m] Started Uncomplicated firewall.
[   12.882046] systemd[1]: Started Create list of required static device nodes for the current kernel.
[[0;32m  OK  [0m] Started Create list of required sta...ce nodes for the current kernel.
[   12.892940] systemd[1]: Started Set console keymap.
[[0;32m  OK  [0m] Started Set console keymap.
[   12.896788] systemd[1]: Started Nameserver information manager.
[[0;32m  OK  [0m] Started Nameserver information manager.
[   12.902401] systemd[1]: Started Journal Service.
[   12.904542] iscsi: r:gistered transport (iser)
[[0;32m  OK  [0m] Started Journal Service.
[[0;32m  OK  [0m] Started Load Kernel Modules.
[[0;32m  OK  [0m] Started LVM2 metadata daemon.
         Mounting FUSE Control File System...
         Starting Apply Kernel Variables...
         Starting Create Static Device Nodes in /dev...
         Starting Load/Save Random Seed...
         Starting Flush Journal to Persistent Storage...
         Starting udev Coldplug all Devices...
[[0;32m  OK  [0m] Mounted FUSE Control File System.
[[0;32m  OK  [0m] Started Apply Kernel Variables.
[[0;32m  OK  [0m] Started Load/Save Random Seed.
[[0;32m  OK  [0m] Started Flush Journal to Persistent Storage.
[[0;32m  OK  [0m] Started Create Static Device Nodes in /dev.
         Starting udev Kernel Device Manager...
[[0;32m  OK  [0m] Started udev Kernel Device Manager.
[[0;32m  OK  [0m] Started udev Coldplug all Devices.
[[0;32m  OK  [0m] Started Dispatch Password Requests to Console Directory Watch.
[[0;32m  OK  [0m] Found device /dev/ttyS0.
[[0;32m  OK  [0m] Listening on Load/Save RF Kill Switch Status /dev/rfkill Watch.
[[0;32m  OK  [0m] Started Monitoring of LVM2 mirrors,...ng dmeventd or progress polling.
[[0;32m  OK  [0m] Reached target Local File Systems (Pre).
[[0;32m  OK  [0m] Reached target Local File Systems.
         Starting Create Volatile Files and Directories...
         Starting Initial cloud-init job (pre-networking)...
         Starting LSB: AppArmor initialization...
         Starting Tell Plymouth To Write Out Runtime Data...
         Starting Set console font and keymap...
         Starting Commit a transient machine-id on disk...
[[0;32m  OK  [0m] Started Create Volatile Files and Directories.
[[0;32m  OK  [0m] Started Tell Plymouth To Write Out Runtime Data.
[[0;32m  OK  [0m] Started Commit a transient machine-id on disk.
         Starting Update UTMP about System Boot/Shutdown...
[[0;32m  OK  [0m] Started Update UTMP about System Boot/Shutdown.
[   15.906691] cloud-init[583]: Cloud-init v. 20.4.1-0ubuntu1~16.04.1 running 'init-local' at Thu, 25 Mar 2021 12:31:19 +0000. Up 15.23 seconds.
[[0;32m  OK  [0m] Started Set console font and keymap.
[[0;32m  OK  [0m] Created slice system-getty.slice.
[[0;32m  OK  [0m] Started Initial cloud-init job (pre-networking).
[[0;32m  OK  [0m] Reached target Network (Pre).
[[0;32m  OK  [0m] Started LSB: AppArmor initialization.
         Starting Load AppArmor profiles managed internally by snapd...
         Starting Raise network interfaces...
[[0;32m  OK  [0m] Started Load AppArmor profiles managed internally by snapd.
[[0;32m  OK  [0m] Started Raise network interfaces.
         Starting Initial cloud-init job (metadata service crawler)...
[[0;32m  OK  [0m] Reached target Network.
[   18.566705] cloud-init[936]: Cloud-init v. 20.4.1-0ubuntu1~16.04.1 running 'init' at Thu, 25 Mar 2021 12:31:22 +0000. Up 17.74 seconds.
[   18.577713] cloud-init[936]: ci-info: ++++++++++++++++++++++++++++++++++++++Net device info++++++++++++++++++++++++++++++++++++++
[   18.579433] cloud-init[936]: ci-info: +--------+------+----------------------------+---------------+--------+-------------------+
[   18.580955] cloud-init[936]: ci-info: | Device |  Up  |          Address           |      Mask     | Scope  |     Hw-Address    |
[   18.582508] cloud-init[936]: ci-info: +--------+------+----------------------------+---------------+--------+-------------------+
[   18.584231] cloud-init[936]: ci-info: | enp0s3 | True |         10.0.2.15          | 255.255.255.0 | global | 02:67:20:70:eb:1f |
[   18.593325] cloud-init[936]: ci-info: | enp0s3 | True | fe80::67:20ff:fe70:eb1f/64 |       .       |  link  | 02:67:20:70:eb:1f |
[   18.594874] cloud-init[936]: ci-info: |   lo   | True |         127.0.0.1          |   255.0.0.0   |  host  |         .         |
[   18.597048] cloud-init[936]: ci-info: |   lo   | True |          ::1/128           |       .       |  host  |         .         |
[   18.598720] cloud-init[936]: ci-info: +--------+------+----------------------------+---------------+--------+-------------------+
[   18.600375] cloud-init[936]: ci-info: +++++++++++++++++++++++++++Route IPv4 info++++++++++++++++++++++++++++
[   18.608910] cloud-init[936]: ci-info: +-------+-------------+----------+---------------+-----------+-------+
[   18.610409] cloud-init[936]: ci-info: | Route | Destination | Gateway  |    Genmask    | Interface | Flags |
[   18.611979] cloud-init[936]: ci-info: +-------+-------------+----------+---------------+-----------+-------+
[   18.613212] cloud-init[936]: ci-info: |   0   |   0.0.0.0   | 10.0.2.2 |    0.0.0.0    |   enp0s3  |   UG  |
[   18.614684] cloud-init[936]: ci-info: |   1   |   10.0.2.0  | 0.0.0.0  | 255.255.255.0 |   enp0s3  |   U   |
[   18.616391] cloud-init[936]: ci-info: +-------+-------------+----------+---------------+-----------+-------+
[   18.624575] cloud-init[936]: ci-info: +++++++++++++++++++Route IPv6 info+++++++++++++++++++
[   18.633419] cloud-init[936]: ci-info: +-------+-------------+---------+-----------+-------+
[   18.641092] cloud-init[936]: ci-info: | Route | Destination | Gateway | Interface | Flags |
[   18.648841] cloud-init[936]: ci-info: +-------+-------------+---------+-----------+-------+
[[0;32m  OK  [0m] Started Initial cloud-init job (metadata service crawler).
[   18.649070] cloud-init[936]: ci-info: |   0   |  fe80::/64  |    ::   |   enp0s3  |   U   |
[[   18.652294] cloud-init[936]: ci-info: |   3   |   ff00::/8  |    ::   |   enp0s3  |   U   |
[   18.652624] cloud-init[936]: ci-info: +-------+-------------+---------+-----------+-------+
[   18.652971] cloud-init[936]: Generating public/private rsa key pair.
[   18.653472] cloud-init[936]: Your identification has been saved in /etc/ssh/ssh_host_rsa_key.
[   18.653895] cloud-init[936]: Your public key has been saved in /etc/ssh/ssh_host_rsa_key.pub.
[   18.654217] cloud-init[936]: The key fingerprint is:
[   18.654847] cloud-init[936]: SHA256:T5NVb5a15K8TYKR3ye+v5DJCc9fi1XGasSjbd2Bh6Tk root@ubuntu-xenial
[   18.655166] cloud-init[936]: The key's randomart image is:
[   18.655370] cloud-init[936]: +---[RSA 2048]----+
[   18.655665] cloud-init[936]: |            . ...|
[   18.655988] cloud-init[936]: |           o ooo+|
[   18.656361] cloud-init[936]: |          . = +=+|
[   18.656646] cloud-init[936]: |           = o==o|
[   18.656942] cloud-init[936]: |        S +  +.O*|
[   18.657334] cloud-init[936]: |         o+.o E++|
[   18.657868] cloud-init[936]: |         ..* ++=.|
[   18.658502] cloud-init[936]: |          o +oo.o|
[   18.658933] cloud-init[936]: |           . +oo.|
[   18.659639] cloud-init[936]: +----[SHA256]-----+
[   18.659997] cloud-init[936]: Generating public/private dsa key pair.
[   18.660576] cloud-init[936]: Your identification has been saved in /etc/ssh/ssh_host_dsa_key.
[   18.660998] cloud-init[936]: Your public key has been saved in /etc/ssh/ssh_host_dsa_key.pub.
[   18.661319] cloud-init[936]: The key fingerprint is:
[   18.661827] cloud-init[936]: SHA256:usWhWE0rkztcVPVgZdxLqAzTRX0hqa/58y8t0SqgIYs root@ubuntu-xenial
[   18.662214] cloud-init[936]: The key's randomart image is:
[   18.662634] cloud-init[936]: +---[DSA 1024]----+
[   18.663037] cloud-init[936]: |          o.***o.|
[   18.663583] cloud-init[936]: |         + o *ooo|
[   18.663911] cloud-init[936]: |        o + o o o|
[   18.664528] cloud-init[936]: |       = . +   . |
[   18.664836] cloud-init[936]: |      = S   .  . |
[   18.665326] cloud-init[936]: |     +.O...  .. .|
[   18.665687] cloud-init[936]: |    ..*ooo .o  + |
[   18.666165] cloud-init[936]: |    E .+.  o..+ .|
[   18.666692] cloud-init[936]: |      .     .oo+o|
[   18.667259] cloud-init[936]: +----[SHA256]-----+
[   18.667638] cloud-init[936]: Generating public/private ecdsa key pair.
[   18.671626] cloud-init[936]: Your identification has been saved in /etc/ssh/ssh_host_ecdsa_key.
[0;32m  OK  [0m[   18.679089] cloud-init] [936]: Reached target Network is Online.Your public key has been saved in /etc/ssh/ssh_host_ecdsa_key.pub.

[   18.679168] cloud-init[936]: The key fingerprint is:
[   18.696635] cloud-init[936]: SHA256:N95ptNLfIPyhxPd4QDSY4drEmVLLHwkwqByPQ9x4EWw root@ubuntu-xenial
[   18.697955] cloud-init[936]: The key's randomart image is:
[   18.699028] cloud-init[936]: +---[ECDSA 256]---+
[   18.704517] cloud-init[936]: |     . +o+o.++   |
[   18.706381]          Starting iSCSI initiator daemon (iscsid)...
[[0;32m  OK  [0m] Reached target Cloud-config availability.
cloud-init[936]: |      = E  *o=o. |
[[0;32m  OK  [0m] Reached target System Initialization.
[[0;32m  OK  [0m] Started Daily Cleanup of Temporary Directories.
[   18.724793] cloud-init[936]: |     o B  . O.o. |
[   18.736676] cloud-init[936]: |      = .  = ... |
[   18.744464] cloud-init[936]: |       .S + o..  |
[   18.745389] cloud-init[936]: |         o B o.  |
[[0;32m  OK  [0m] Started ACPI Events Check.
[[0;32m  OK  [0m] Reached target Paths.
[[0;32m  OK  [0m] Started Daily apt download activities.
[[0;32m  OK  [0m] Started Daily apt upgrade and clean activities.
[[0;32m  OK  [0m] Listening on D-Bus System Message Bus Socket.
[[0;32m  OK  [0m] Listening on UUID daemon activation socket.
         Starting Socket activation for snappy daemon.
[   18.749081] cloud-init[936]: |          o @ +. |
[   18.773847] cloud-init[936]: |           + * *.|
[   18.774744] cloud-init[936]: |            . +.o|
[   18.775024] cloud-init[936]: +----[SHA256]-----+
[   18.775344] cloud-init[936]: Generating public/private ed25519 key pair.
[   18.775974] cloud-init[936]: Your identification has been saved in /etc/ssh/ssh_host_ed25519_key.
[   18.776447] cloud-init[936]: Your public key has been saved in /etc/ssh/ssh_host_ed25519_key.pub.
[   18.776577] cloud-init[936]: The key fingerprint is:
[   18.776905] cloud-init[936]: SHA256:nZNyQ/eqvgPMlqsTmcXZr02D2vKQVyGyiARYW1Cakz4 root@ubuntu-xenial
[   18.777186] cloud-init[936]: The key's randomart image is:
[   18.777658] cloud-init[936]: +--[ED25519 256]--+
[   18.777938] cloud-init[936]: | o+oo            |
[   18.778283] cloud-init[936]: |.  B             |
         [   18.778517] Starting LXD - unix socket.cloud-init
[936]: |  * .  ..oo o    |
[   18.778604] cloud-init[936]: | . o . .+=.= o   |
[[0;32m  OK  [0m] Listening on ACPID Listen Socket.
[   18.783405] cloud-init[936]: |  E . .*S.Bo. .  |
[   18.783462] cloud-init[936]: |   .  + *+.++.   |
[   18.783724] cloud-init[936]: |       oo=.+..   |
[   18.784100] cloud-init[936]: |      . +o+..    |
[   18.784480] cloud-init[936]: |      .o +=o     |
[   18.784742] cloud-init[936]: +----[SHA256]-----+
[[0;32m  OK  [0m] Started Message of the Day.
[[0;32m  OK  [0m] Reached target Timers.
[[0;32m  OK  [0m] Listening on Socket activation for snappy daemon.
[[0;32m  OK  [0m] Listening on LXD - unix socket.
[[0;32m  OK  [0m] Reached target Sockets.
[[0;32m  OK  [0m] Reached target Basic System.
         Starting System Logging Service...
         Starting LXD - container startup/shutdown...
[[0;32m  OK  [0m] Started ACPI event daemon.
[[0;32m  OK  [0m] Started D-Bus System Message Bus.
         Starting Accounts Service...
[[0;32m  OK  [0m] Started FUSE filesystem for LXC.
         Starting /etc/rc.local Compatibility...
[[0;32m  OK  [0m] Started Deferred execution scheduler.
         Starting Login Service...
         Starting LSB: Record successful boot for GRUB...
         Starting LSB: MD monitoring daemon...
[[0;32m  OK  [0m] Started Regular background program processing daemon.
         Starting Pollinate to seed the pseudo random number generator...
         Starting Virtualbox guest utils...
         Starting Snap Daemon...
[[0;32m  OK  [0m] Started System Logging Service.
[[0;32m  OK  [0m] Started iSCSI initiator daemon (iscsid).
[[0;32m  OK  [0m] Started /etc/rc.local Compatibility.
         Starting Login to default iSCSI targets...
[[0;32m  OK  [0m] Started Login Service.
         Starting Authenticate and Authorize Users to Run Privileged Tasks...
[[0;32m  OK  [0m] Started Unattended Upgrades Shutdown.
[[0;32m  OK  [0m] Started Login to default iSCSI targets.
[[0;32m  OK  [0m] Reached target Remote File Systems (Pre).
[[0;32m  OK  [0m] Reached target Remote File Systems.
         Starting LSB: daemon to balance interrupts for SMP systems...
         Starting LSB: Set the CPU Frequency Scaling governor to "ondemand"...
         Starting LSB: automatic crash report generation...
         Starting Permit User Sessions...
[[0;32m  OK  [0m] Started LSB: Record successful boot for GRUB.
[[0;32m  OK  [0m] Started Permit User Sessions.
         Starting Hold until boot process finishes up...
         Starting Terminate Plymouth Boot Screen...
[[0;32m  OK  [0m] Started LSB: Set the CPU Frequency Scaling governor to "ondemand".
[[0;32m  OK  [0m] Started Hold until boot process finishes up.
[[0;32m  OK  [0m] Started LSB: MD monitoring daemon.
[[0;32m  OK  [0m] Started Terminate Plymouth Boot Screen.
[[0;32m  OK  [0m] Started Serial Getty on ttyS0.
[[0;32m  OK  [0m] Started Getty on tty1.
[[0;32m  OK  [0m] Reached target Login Prompts.
         Starting Set console scheme...
[[0;32m  OK  [0m] Started Set console scheme.
[[0;32m  OK  [0m] Started Authenticate and Authorize Users to Run Privileged Tasks.
[[0;32m  OK  [0m] Started Accounts Service.
[[0;32m  OK  [0m] Started LXD - container startup/shutdown.
[[0;32m  OK  [0m] Started LSB: daemon to balance interrupts for SMP systems.
[[0;32m  OK  [0m] Started LSB: automatic crash report generation.
[[0;32m  OK  [0m] Started Virtualbox guest utils.
[[0;32m  OK  [0m] Started Snap Daemon.
         Starting Wait until snapd is fully seeded...
[[0;32m  OK  [0m] Started Pollinate to seed the pseudo random number generator.
         Starting OpenBSD Secure Shell server...
[[0;32m  OK  [0m] Started OpenBSD Secure Shell server.
[[0;32m  OK  [0m] Created slice User Slice of vagrant.
         Starting User Manager for UID 1000...
[[0;32m  OK  [0m] Started Session 1 of user vagrant.
[[0;32m  OK  [0m] Started User Manager for UID 1000.
[[0;32m  OK  [0m] Started Wait until snapd is fully seeded.
         Starting Apply the settings specified in cloud-config...
[[0;32m  OK  [0m] Reached target Multi-User System.
[[0;32m  OK  [0m] Reached target Graphical Interface.
         Starting Update UTMP about System Runlevel Changes...
[[0;32m  OK  [0m] Started Update UTMP about System Runlevel Changes.
[   22.181182] cloud-init[1357]: Generating locales (this might take a while)...
[   23.617129] cloud-init[1357]:   en_US.UTF-8... done
[   23.625139] cloud-init[1357]: Generation complete.
[   24.290769] cloud-init[1357]: Cloud-init v. 20.4.1-0ubuntu1~16.04.1 running 'modules:config' at Thu, 25 Mar 2021 12:31:26 +0000. Up 21.93 seconds.

Ubuntu 16.04.7 LTS ubuntu-xenial ttyS0

ubuntu-xenial login: ci-info: no authorized SSH keys fingerprints found for user ubuntu.
<14>Mar 25 12:31:29 ec2: 
<14>Mar 25 12:31:29 ec2: #############################################################
<14>Mar 25 12:31:29 ec2: -----BEGIN SSH HOST KEY FINGERPRINTS-----
<14>Mar 25 12:31:29 ec2: 1024 SHA256:usWhWE0rkztcVPVgZdxLqAzTRX0hqa/58y8t0SqgIYs root@ubuntu-xenial (DSA)
<14>Mar 25 12:31:29 ec2: 256 SHA256:N95ptNLfIPyhxPd4QDSY4drEmVLLHwkwqByPQ9x4EWw root@ubuntu-xenial (ECDSA)
<14>Mar 25 12:31:29 ec2: 256 SHA256:nZNyQ/eqvgPMlqsTmcXZr02D2vKQVyGyiARYW1Cakz4 root@ubuntu-xenial (ED25519)
<14>Mar 25 12:31:29 ec2: 2048 SHA256:T5NVb5a15K8TYKR3ye+v5DJCc9fi1XGasSjbd2Bh6Tk root@ubuntu-xenial (RSA)
<14>Mar 25 12:31:29 ec2: -----END SSH HOST KEY FINGERPRINTS-----
<14>Mar 25 12:31:29 ec2: #############################################################
-----BEGIN SSH HOST KEY KEYS-----
ecdsa-sha2-nistp256 AAAAE2VjZHNhLXNoYTItbmlzdHAyNTYAAAAIbmlzdHAyNTYAAABBBCmjHqwf0FlU2Zo9E/uNdEGpJg7jr7Jci4wFcOcgDmG6hQXsozV2yHDha0Nlv1rSxSnGziqEobOe7GWSBH/5OOk= root@ubuntu-xenial
ssh-ed25519 AAAAC3NzaC1lZDI1NTE5AAAAIIx/Qb/AHKDq59kNACi5IWym4en3D5npDxq4DW6B1CTI root@ubuntu-xenial
ssh-rsa AAAAB3NzaC1yc2EAAAADAQABAAABAQDKkOlWefJR5gqEEiIfWnGnzrVjGjLBxYcQ9VZ6yDuXL8CLVerhMrKioMgwXyFb2ubD05XbCNM6Q9yqP054lNJqVZ2MKbX79v3hkDxiBoeJMXMbrLV2A/rsiT1Lo0AO312uZUVveC5F3RyxXdBxjfRe1t3SPhhzzfon77mYvWxVF2sToZBdERRjTn4NyJr+kV0fW0peV40G5izuv+Tq/LTy/Pd3roXzrC3moZ6o2BJImhvt81oimHDvV+U1LEAfvVmMsSe6J3AaSgf8MFhCaizyDGbhOXmzmm+ywBvmKhUAp2DuihaJzCBLch3wfBXdYr37QZ1RvhR5GFbYSO6BH7pr root@ubuntu-xenial
-----END SSH HOST KEY KEYS-----
[   25.539681] cloud-init[1531]: Cloud-init v. 20.4.1-0ubuntu1~16.04.1 running 'modules:final' at Thu, 25 Mar 2021 12:31:29 +0000. Up 25.21 seconds.
[   25.543385] cloud-init[1531]: ci-info: no authorized SSH keys fingerprints found for user ubuntu.
[   25.545855] cloud-init[1531]: Cloud-init v. 20.4.1-0ubuntu1~16.04.1 finished at Thu, 25 Mar 2021 12:31:30 +0000. Datasource DataSourceNoCloud [seed=/dev/sdb][dsmode=net].  Up 25.52 seconds
